16:42:55 **** Incremental Build of configuration Debug for project CMSISv2p00_LPC17xx ****
make -r -j16 all 
make[1]: Nothing to be done for 'main-build'.
Performing post-build steps
arm-none-eabi-size libCMSISv2p00_LPC17xx.a ; # arm-none-eabi-objdump -h -S libCMSISv2p00_LPC17xx.a >libCMSISv2p00_LPC17xx.lss
   text	   data	    bss	    dec	    hex	filename
      0	      0	      0	      0	      0	core_cm3.o (ex libCMSISv2p00_LPC17xx.a)
    400	      4	      0	    404	    194	system_LPC17xx.o (ex libCMSISv2p00_LPC17xx.a)
    922	      0	     40	    962	    3c2	debug_frmwrk.o (ex libCMSISv2p00_LPC17xx.a)
    830	      0	      0	    830	    33e	lpc17xx_adc.o (ex libCMSISv2p00_LPC17xx.a)
   5602	      0	     11	   5613	   15ed	lpc17xx_can.o (ex libCMSISv2p00_LPC17xx.a)
    299	      0	      0	    299	    12b	lpc17xx_clkpwr.o (ex libCMSISv2p00_LPC17xx.a)
    238	      0	      0	    238	     ee	lpc17xx_dac.o (ex libCMSISv2p00_LPC17xx.a)
   1295	      0	  10852	  12147	   2f73	lpc17xx_emac.o (ex libCMSISv2p00_LPC17xx.a)
    519	      0	      0	    519	    207	lpc17xx_exti.o (ex libCMSISv2p00_LPC17xx.a)
   1184	     32	      0	   1216	    4c0	lpc17xx_gpdma.o (ex libCMSISv2p00_LPC17xx.a)
   1879	      0	      0	   1879	    757	lpc17xx_gpio.o (ex libCMSISv2p00_LPC17xx.a)
   2320	      0	     52	   2372	    944	lpc17xx_i2c.o (ex libCMSISv2p00_LPC17xx.a)
   1680	      0	      0	   1680	    690	lpc17xx_i2s.o (ex libCMSISv2p00_LPC17xx.a)
      2	      0	      0	      2	      2	lpc17xx_libcfg_default.o (ex libCMSISv2p00_LPC17xx.a)
    670	      0	      0	    670	    29e	lpc17xx_mcpwm.o (ex libCMSISv2p00_LPC17xx.a)
    116	      0	      0	    116	     74	lpc17xx_nvic.o (ex libCMSISv2p00_LPC17xx.a)
    421	      0	      0	    421	    1a5	lpc17xx_pinsel.o (ex libCMSISv2p00_LPC17xx.a)
   1200	      0	      0	   1200	    4b0	lpc17xx_pwm.o (ex libCMSISv2p00_LPC17xx.a)
   1278	      0	      0	   1278	    4fe	lpc17xx_qei.o (ex libCMSISv2p00_LPC17xx.a)
    346	      0	      0	    346	    15a	lpc17xx_rit.o (ex libCMSISv2p00_LPC17xx.a)
   2238	      0	      0	   2238	    8be	lpc17xx_rtc.o (ex libCMSISv2p00_LPC17xx.a)
    820	      0	      0	    820	    334	lpc17xx_spi.o (ex libCMSISv2p00_LPC17xx.a)
   1490	      0	      0	   1490	    5d2	lpc17xx_ssp.o (ex libCMSISv2p00_LPC17xx.a)
    262	      0	      0	    262	    106	lpc17xx_systick.o (ex libCMSISv2p00_LPC17xx.a)
   1762	      0	      0	   1762	    6e2	lpc17xx_timer.o (ex libCMSISv2p00_LPC17xx.a)
   2650	      0	      0	   2650	    a5a	lpc17xx_uart.o (ex libCMSISv2p00_LPC17xx.a)
    314	      0	      0	    314	    13a	lpc17xx_wdt.o (ex libCMSISv2p00_LPC17xx.a)
 
16:42:55 **** Build of configuration Debug for project PWM_CAPTURE ****
make -r -j16 all 
Building file: ../src/PWM_CAPTURE.c
Building file: ../src/cr_startup_lpc175x_6x.c
Building file: ../src/crp.c
Invoking: MCU C Compiler
arm-none-eabi-gcc -DDEBUG -D__CODE_RED -DCORE_M3 -D__USE_CMSIS=CMSISv2p00_LPC17xx -D__LPC17XX__ -D__REDLIB__ -I"C:\nxp\CMSISv2p00_LPC17xx\inc" -O0 -fno-common -g3 -gdwarf-4 -Wall -c -fmessage-length=0 -fno-builtin -ffunction-sections -fdata-sections -fmerge-constants -fmacro-prefix-map="../src/"= -mcpu=cortex-m3 -mthumb -fstack-usage -specs=redlib.specs -MMD -MP -MF"src/PWM_CAPTURE.d" -MT"src/PWM_CAPTURE.o" -MT"src/PWM_CAPTURE.d" -o "src/PWM_CAPTURE.o" "../src/PWM_CAPTURE.c"
Invoking: MCU C Compiler
arm-none-eabi-gcc -DDEBUG -D__CODE_RED -DCORE_M3 -D__USE_CMSIS=CMSISv2p00_LPC17xx -D__LPC17XX__ -D__REDLIB__ -I"C:\nxp\CMSISv2p00_LPC17xx\inc" -O0 -fno-common -g3 -gdwarf-4 -Wall -c -fmessage-length=0 -fno-builtin -ffunction-sections -fdata-sections -fmerge-constants -fmacro-prefix-map="../src/"= -mcpu=cortex-m3 -mthumb -fstack-usage -specs=redlib.specs -MMD -MP -MF"src/cr_startup_lpc175x_6x.d" -MT"src/cr_startup_lpc175x_6x.o" -MT"src/cr_startup_lpc175x_6x.d" -o "src/cr_startup_lpc175x_6x.o" "../src/cr_startup_lpc175x_6x.c"
Invoking: MCU C Compiler
arm-none-eabi-gcc -DDEBUG -D__CODE_RED -DCORE_M3 -D__USE_CMSIS=CMSISv2p00_LPC17xx -D__LPC17XX__ -D__REDLIB__ -I"C:\nxp\CMSISv2p00_LPC17xx\inc" -O0 -fno-common -g3 -gdwarf-4 -Wall -c -fmessage-length=0 -fno-builtin -ffunction-sections -fdata-sections -fmerge-constants -fmacro-prefix-map="../src/"= -mcpu=cortex-m3 -mthumb -fstack-usage -specs=redlib.specs -MMD -MP -MF"src/crp.d" -MT"src/crp.o" -MT"src/crp.d" -o "src/crp.o" "../src/crp.c"
../src/PWM_CAPTURE.c:13:10: fatal error: lpc17xx_adc.h: No such file or directory
   13 | #include "lpc17xx_adc.h"
      |          ^~~~~~~~~~~~~~~
compilation terminated.
make[1]: *** [src/subdir.mk:26: src/PWM_CAPTURE.o] Error 1
make[1]: *** Waiting for unfinished jobs....
Finished building: ../src/crp.c
Finished building: ../src/cr_startup_lpc175x_6x.c
 
 
make: *** [makefile:35: all] Error 2
"make -r -j16 all" terminated with exit code 2. Build might be incomplete.
00:17:17 **** Build of configuration Debug for project ADC_EXTI_DAC_Onda ****
make -r -j16 all 
Building file: ../src/ADC_EXTI_DAC_Onda.c
Building file: ../src/cr_startup_lpc175x_6x.c
Building file: ../src/crp.c
Invoking: MCU C Compiler
arm-none-eabi-gcc -DDEBUG -D__CODE_RED -DCORE_M3 -D__USE_CMSIS=CMSISv2p00_LPC17xx -D__LPC17XX__ -D__REDLIB__ -O0 -fno-common -g3 -gdwarf-4 -Wall -c -fmessage-length=0 -fno-builtin -ffunction-sections -fdata-sections -fmerge-constants -fmacro-prefix-map="../src/"= -mcpu=cortex-m3 -mthumb -fstack-usage -specs=redlib.specs -MMD -MP -MF"src/ADC_EXTI_DAC_Onda.d" -MT"src/ADC_EXTI_DAC_Onda.o" -MT"src/ADC_EXTI_DAC_Onda.d" -o "src/ADC_EXTI_DAC_Onda.o" "../src/ADC_EXTI_DAC_Onda.c"
Invoking: MCU C Compiler
Invoking: MCU C Compiler
arm-none-eabi-gcc -DDEBUG -D__CODE_RED -DCORE_M3 -D__USE_CMSIS=CMSISv2p00_LPC17xx -D__LPC17XX__ -D__REDLIB__ -O0 -fno-common -g3 -gdwarf-4 -Wall -c -fmessage-length=0 -fno-builtin -ffunction-sections -fdata-sections -fmerge-constants -fmacro-prefix-map="../src/"= -mcpu=cortex-m3 -mthumb -fstack-usage -specs=redlib.specs -MMD -MP -MF"src/cr_startup_lpc175x_6x.d" -MT"src/cr_startup_lpc175x_6x.o" -MT"src/cr_startup_lpc175x_6x.d" -o "src/cr_startup_lpc175x_6x.o" "../src/cr_startup_lpc175x_6x.c"
arm-none-eabi-gcc -DDEBUG -D__CODE_RED -DCORE_M3 -D__USE_CMSIS=CMSISv2p00_LPC17xx -D__LPC17XX__ -D__REDLIB__ -O0 -fno-common -g3 -gdwarf-4 -Wall -c -fmessage-length=0 -fno-builtin -ffunction-sections -fdata-sections -fmerge-constants -fmacro-prefix-map="../src/"= -mcpu=cortex-m3 -mthumb -fstack-usage -specs=redlib.specs -MMD -MP -MF"src/crp.d" -MT"src/crp.o" -MT"src/crp.d" -o "src/crp.o" "../src/crp.c"
../src/ADC_EXTI_DAC_Onda.c:16:10: fatal error: LPC17xx.h: No such file or directory
   16 | #include "LPC17xx.h"
      |          ^~~~~~~~~~~
compilation terminated.
make[1]: *** [src/subdir.mk:26: src/ADC_EXTI_DAC_Onda.o] Error 1
make[1]: *** Waiting for unfinished jobs....
Finished building: ../src/crp.c
Finished building: ../src/cr_startup_lpc175x_6x.c
 
 
make: *** [makefile:35: all] Error 2
"make -r -j16 all" terminated with exit code 2. Build might be incomplete.
00:17:18 **** Build of configuration Debug for project ADC_a_DAC_usando_DMA ****
make -r -j16 all 
Building file: ../src/ADC_a_DAC_usando_DMA.c
Building file: ../src/cr_startup_lpc175x_6x.c
Building file: ../src/crp.c
Invoking: MCU C Compiler
arm-none-eabi-gcc -DDEBUG -D__CODE_RED -DCORE_M3 -D__USE_CMSIS=CMSISv2p00_LPC17xx -D__LPC17XX__ -D__REDLIB__ -O0 -fno-common -g3 -gdwarf-4 -Wall -c -fmessage-length=0 -fno-builtin -ffunction-sections -fdata-sections -fmerge-constants -fmacro-prefix-map="../src/"= -mcpu=cortex-m3 -mthumb -fstack-usage -specs=redlib.specs -MMD -MP -MF"src/ADC_a_DAC_usando_DMA.d" -MT"src/ADC_a_DAC_usando_DMA.o" -MT"src/ADC_a_DAC_usando_DMA.d" -o "src/ADC_a_DAC_usando_DMA.o" "../src/ADC_a_DAC_usando_DMA.c"
Invoking: MCU C Compiler
Invoking: MCU C Compiler
arm-none-eabi-gcc -DDEBUG -D__CODE_RED -DCORE_M3 -D__USE_CMSIS=CMSISv2p00_LPC17xx -D__LPC17XX__ -D__REDLIB__ -O0 -fno-common -g3 -gdwarf-4 -Wall -c -fmessage-length=0 -fno-builtin -ffunction-sections -fdata-sections -fmerge-constants -fmacro-prefix-map="../src/"= -mcpu=cortex-m3 -mthumb -fstack-usage -specs=redlib.specs -MMD -MP -MF"src/cr_startup_lpc175x_6x.d" -MT"src/cr_startup_lpc175x_6x.o" -MT"src/cr_startup_lpc175x_6x.d" -o "src/cr_startup_lpc175x_6x.o" "../src/cr_startup_lpc175x_6x.c"
arm-none-eabi-gcc -DDEBUG -D__CODE_RED -DCORE_M3 -D__USE_CMSIS=CMSISv2p00_LPC17xx -D__LPC17XX__ -D__REDLIB__ -O0 -fno-common -g3 -gdwarf-4 -Wall -c -fmessage-length=0 -fno-builtin -ffunction-sections -fdata-sections -fmerge-constants -fmacro-prefix-map="../src/"= -mcpu=cortex-m3 -mthumb -fstack-usage -specs=redlib.specs -MMD -MP -MF"src/crp.d" -MT"src/crp.o" -MT"src/crp.d" -o "src/crp.o" "../src/crp.c"
../src/ADC_a_DAC_usando_DMA.c:3:10: fatal error: LPC17xx.h: No such file or directory
    3 | #include "LPC17xx.h"
      |          ^~~~~~~~~~~
compilation terminated.
make[1]: *** [src/subdir.mk:26: src/ADC_a_DAC_usando_DMA.o] Error 1
make[1]: *** Waiting for unfinished jobs....
Finished building: ../src/crp.c
 
Finished building: ../src/cr_startup_lpc175x_6x.c
 
make: *** [makefile:35: all] Error 2
"make -r -j16 all" terminated with exit code 2. Build might be incomplete.
00:17:18 **** Build of configuration Debug for project ADC_a_PWM ****
make -r -j16 all 
Building file: ../src/ADC_a_PWM.c
Building file: ../src/cr_startup_lpc175x_6x.c
Building file: ../src/crp.c
Invoking: MCU C Compiler
arm-none-eabi-gcc -DDEBUG -D__CODE_RED -DCORE_M3 -D__USE_CMSIS=CMSISv2p00_LPC17xx -D__LPC17XX__ -D__REDLIB__ -O0 -fno-common -g3 -gdwarf-4 -Wall -c -fmessage-length=0 -fno-builtin -ffunction-sections -fdata-sections -fmerge-constants -fmacro-prefix-map="../src/"= -mcpu=cortex-m3 -mthumb -fstack-usage -specs=redlib.specs -MMD -MP -MF"src/ADC_a_PWM.d" -MT"src/ADC_a_PWM.o" -MT"src/ADC_a_PWM.d" -o "src/ADC_a_PWM.o" "../src/ADC_a_PWM.c"
Invoking: MCU C Compiler
arm-none-eabi-gcc -DDEBUG -D__CODE_RED -DCORE_M3 -D__USE_CMSIS=CMSISv2p00_LPC17xx -D__LPC17XX__ -D__REDLIB__ -O0 -fno-common -g3 -gdwarf-4 -Wall -c -fmessage-length=0 -fno-builtin -ffunction-sections -fdata-sections -fmerge-constants -fmacro-prefix-map="../src/"= -mcpu=cortex-m3 -mthumb -fstack-usage -specs=redlib.specs -MMD -MP -MF"src/cr_startup_lpc175x_6x.d" -MT"src/cr_startup_lpc175x_6x.o" -MT"src/cr_startup_lpc175x_6x.d" -o "src/cr_startup_lpc175x_6x.o" "../src/cr_startup_lpc175x_6x.c"
Invoking: MCU C Compiler
arm-none-eabi-gcc -DDEBUG -D__CODE_RED -DCORE_M3 -D__USE_CMSIS=CMSISv2p00_LPC17xx -D__LPC17XX__ -D__REDLIB__ -O0 -fno-common -g3 -gdwarf-4 -Wall -c -fmessage-length=0 -fno-builtin -ffunction-sections -fdata-sections -fmerge-constants -fmacro-prefix-map="../src/"= -mcpu=cortex-m3 -mthumb -fstack-usage -specs=redlib.specs -MMD -MP -MF"src/crp.d" -MT"src/crp.o" -MT"src/crp.d" -o "src/crp.o" "../src/crp.c"
../src/ADC_a_PWM.c:11:10: fatal error: LPC17xx.h: No such file or directory
   11 | #include "LPC17xx.h"
      |          ^~~~~~~~~~~
compilation terminated.
make[1]: *** [src/subdir.mk:26: src/ADC_a_PWM.o] Error 1
make[1]: *** Waiting for unfinished jobs....
Finished building: ../src/crp.c
Finished building: ../src/cr_startup_lpc175x_6x.c
 
 
make: *** [makefile:35: all] Error 2
"make -r -j16 all" terminated with exit code 2. Build might be incomplete.
00:17:18 **** Build of configuration Debug for project DMA_TP1 ****
make -r -j16 all 
Building file: ../src/DMA_TP1.c
Building file: ../src/cr_startup_lpc175x_6x.c
Building file: ../src/crp.c
Invoking: MCU C Compiler
arm-none-eabi-gcc -DDEBUG -D__CODE_RED -DCORE_M3 -D__USE_CMSIS=CMSISv2p00_LPC17xx -D__LPC17XX__ -D__REDLIB__ -O0 -fno-common -g3 -gdwarf-4 -Wall -c -fmessage-length=0 -fno-builtin -ffunction-sections -fdata-sections -fmerge-constants -fmacro-prefix-map="../src/"= -mcpu=cortex-m3 -mthumb -fstack-usage -specs=redlib.specs -MMD -MP -MF"src/DMA_TP1.d" -MT"src/DMA_TP1.o" -MT"src/DMA_TP1.d" -o "src/DMA_TP1.o" "../src/DMA_TP1.c"
Invoking: MCU C Compiler
Invoking: MCU C Compiler
arm-none-eabi-gcc -DDEBUG -D__CODE_RED -DCORE_M3 -D__USE_CMSIS=CMSISv2p00_LPC17xx -D__LPC17XX__ -D__REDLIB__ -O0 -fno-common -g3 -gdwarf-4 -Wall -c -fmessage-length=0 -fno-builtin -ffunction-sections -fdata-sections -fmerge-constants -fmacro-prefix-map="../src/"= -mcpu=cortex-m3 -mthumb -fstack-usage -specs=redlib.specs -MMD -MP -MF"src/cr_startup_lpc175x_6x.d" -MT"src/cr_startup_lpc175x_6x.o" -MT"src/cr_startup_lpc175x_6x.d" -o "src/cr_startup_lpc175x_6x.o" "../src/cr_startup_lpc175x_6x.c"
arm-none-eabi-gcc -DDEBUG -D__CODE_RED -DCORE_M3 -D__USE_CMSIS=CMSISv2p00_LPC17xx -D__LPC17XX__ -D__REDLIB__ -O0 -fno-common -g3 -gdwarf-4 -Wall -c -fmessage-length=0 -fno-builtin -ffunction-sections -fdata-sections -fmerge-constants -fmacro-prefix-map="../src/"= -mcpu=cortex-m3 -mthumb -fstack-usage -specs=redlib.specs -MMD -MP -MF"src/crp.d" -MT"src/crp.o" -MT"src/crp.d" -o "src/crp.o" "../src/crp.c"
../src/DMA_TP1.c:1:10: fatal error: lpc17xx_adc.h: No such file or directory
    1 | #include "lpc17xx_adc.h"
      |          ^~~~~~~~~~~~~~~
compilation terminated.
make[1]: *** [src/subdir.mk:26: src/DMA_TP1.o] Error 1
make[1]: *** Waiting for unfinished jobs....
Finished building: ../src/crp.c
Finished building: ../src/cr_startup_lpc175x_6x.c
 
 
make: *** [makefile:35: all] Error 2
Command canceled
01:54:40 **** Incremental Build of configuration Debug for project ADC_EXTI_DAC_Onda ****
make -r -j16 all 
Building file: ../src/ADC_EXTI_DAC_Onda.c
Invoking: MCU C Compiler
arm-none-eabi-gcc -DDEBUG -D__CODE_RED -DCORE_M3 -D__USE_CMSIS=CMSISv2p00_LPC17xx -D__LPC17XX__ -D__REDLIB__ -O0 -fno-common -g3 -gdwarf-4 -Wall -c -fmessage-length=0 -fno-builtin -ffunction-sections -fdata-sections -fmerge-constants -fmacro-prefix-map="../src/"= -mcpu=cortex-m3 -mthumb -fstack-usage -specs=redlib.specs -MMD -MP -MF"src/ADC_EXTI_DAC_Onda.d" -MT"src/ADC_EXTI_DAC_Onda.o" -MT"src/ADC_EXTI_DAC_Onda.d" -o "src/ADC_EXTI_DAC_Onda.o" "../src/ADC_EXTI_DAC_Onda.c"
../src/ADC_EXTI_DAC_Onda.c:16:10: fatal error: LPC17xx.h: No such file or directory
   16 | #include "LPC17xx.h"
      |          ^~~~~~~~~~~
compilation terminated.
make[1]: *** [src/subdir.mk:26: src/ADC_EXTI_DAC_Onda.o] Error 1
make: *** [makefile:35: all] Error 2
"make -r -j16 all" terminated with exit code 2. Build might be incomplete.
01:54:40 **** Incremental Build of configuration Debug for project ADC_a_DAC_usando_DMA ****
make -r -j16 all 
Building file: ../src/ADC_a_DAC_usando_DMA.c
Invoking: MCU C Compiler
arm-none-eabi-gcc -DDEBUG -D__CODE_RED -DCORE_M3 -D__USE_CMSIS=CMSISv2p00_LPC17xx -D__LPC17XX__ -D__REDLIB__ -O0 -fno-common -g3 -gdwarf-4 -Wall -c -fmessage-length=0 -fno-builtin -ffunction-sections -fdata-sections -fmerge-constants -fmacro-prefix-map="../src/"= -mcpu=cortex-m3 -mthumb -fstack-usage -specs=redlib.specs -MMD -MP -MF"src/ADC_a_DAC_usando_DMA.d" -MT"src/ADC_a_DAC_usando_DMA.o" -MT"src/ADC_a_DAC_usando_DMA.d" -o "src/ADC_a_DAC_usando_DMA.o" "../src/ADC_a_DAC_usando_DMA.c"
../src/ADC_a_DAC_usando_DMA.c:3:10: fatal error: LPC17xx.h: No such file or directory
    3 | #include "LPC17xx.h"
      |          ^~~~~~~~~~~
compilation terminated.
make[1]: *** [src/subdir.mk:26: src/ADC_a_DAC_usando_DMA.o] Error 1
make: *** [makefile:35: all] Error 2
"make -r -j16 all" terminated with exit code 2. Build might be incomplete.
01:54:40 **** Incremental Build of configuration Debug for project ADC_a_PWM ****
make -r -j16 all 
Building file: ../src/ADC_a_PWM.c
Invoking: MCU C Compiler
arm-none-eabi-gcc -DDEBUG -D__CODE_RED -DCORE_M3 -D__USE_CMSIS=CMSISv2p00_LPC17xx -D__LPC17XX__ -D__REDLIB__ -O0 -fno-common -g3 -gdwarf-4 -Wall -c -fmessage-length=0 -fno-builtin -ffunction-sections -fdata-sections -fmerge-constants -fmacro-prefix-map="../src/"= -mcpu=cortex-m3 -mthumb -fstack-usage -specs=redlib.specs -MMD -MP -MF"src/ADC_a_PWM.d" -MT"src/ADC_a_PWM.o" -MT"src/ADC_a_PWM.d" -o "src/ADC_a_PWM.o" "../src/ADC_a_PWM.c"
../src/ADC_a_PWM.c:11:10: fatal error: LPC17xx.h: No such file or directory
   11 | #include "LPC17xx.h"
      |          ^~~~~~~~~~~
compilation terminated.
make[1]: *** [src/subdir.mk:26: src/ADC_a_PWM.o] Error 1
make: *** [makefile:35: all] Error 2
"make -r -j16 all" terminated with exit code 2. Build might be incomplete.
01:54:40 **** Build of configuration Debug for project DMA_TP1 ****
make -r -j16 all 
Building file: ../src/DMA_TP1.c
Invoking: MCU C Compiler
arm-none-eabi-gcc -DDEBUG -D__CODE_RED -DCORE_M3 -D__USE_CMSIS=CMSISv2p00_LPC17xx -D__LPC17XX__ -D__REDLIB__ -O0 -fno-common -g3 -gdwarf-4 -Wall -c -fmessage-length=0 -fno-builtin -ffunction-sections -fdata-sections -fmerge-constants -fmacro-prefix-map="../src/"= -mcpu=cortex-m3 -mthumb -fstack-usage -specs=redlib.specs -MMD -MP -MF"src/DMA_TP1.d" -MT"src/DMA_TP1.o" -MT"src/DMA_TP1.d" -o "src/DMA_TP1.o" "../src/DMA_TP1.c"
../src/DMA_TP1.c:1:10: fatal error: lpc17xx_adc.h: No such file or directory
    1 | #include "lpc17xx_adc.h"
      |          ^~~~~~~~~~~~~~~
compilation terminated.
make[1]: *** [src/subdir.mk:26: src/DMA_TP1.o] Error 1
make: *** [makefile:35: all] Error 2
"make -r -j16 all" terminated with exit code 2. Build might be incomplete.
01:54:41 **** Build of configuration Debug for project Ejercicio_Onda_DAC_ConDMA ****
make -r -j16 all 
Building file: ../src/Ejercicio_Onda_DAC_ConDMA.c
Building file: ../src/cr_startup_lpc175x_6x.c
Building file: ../src/crp.c
Invoking: MCU C Compiler
arm-none-eabi-gcc -DDEBUG -D__CODE_RED -DCORE_M3 -D__USE_CMSIS=CMSISv2p00_LPC17xx -D__LPC17XX__ -D__REDLIB__ -O0 -fno-common -g3 -gdwarf-4 -Wall -c -fmessage-length=0 -fno-builtin -ffunction-sections -fdata-sections -fmerge-constants -fmacro-prefix-map="../src/"= -mcpu=cortex-m3 -mthumb -fstack-usage -specs=redlib.specs -MMD -MP -MF"src/Ejercicio_Onda_DAC_ConDMA.d" -MT"src/Ejercicio_Onda_DAC_ConDMA.o" -MT"src/Ejercicio_Onda_DAC_ConDMA.d" -o "src/Ejercicio_Onda_DAC_ConDMA.o" "../src/Ejercicio_Onda_DAC_ConDMA.c"
Invoking: MCU C Compiler
Invoking: MCU C Compiler
arm-none-eabi-gcc -DDEBUG -D__CODE_RED -DCORE_M3 -D__USE_CMSIS=CMSISv2p00_LPC17xx -D__LPC17XX__ -D__REDLIB__ -O0 -fno-common -g3 -gdwarf-4 -Wall -c -fmessage-length=0 -fno-builtin -ffunction-sections -fdata-sections -fmerge-constants -fmacro-prefix-map="../src/"= -mcpu=cortex-m3 -mthumb -fstack-usage -specs=redlib.specs -MMD -MP -MF"src/cr_startup_lpc175x_6x.d" -MT"src/cr_startup_lpc175x_6x.o" -MT"src/cr_startup_lpc175x_6x.d" -o "src/cr_startup_lpc175x_6x.o" "../src/cr_startup_lpc175x_6x.c"
arm-none-eabi-gcc -DDEBUG -D__CODE_RED -DCORE_M3 -D__USE_CMSIS=CMSISv2p00_LPC17xx -D__LPC17XX__ -D__REDLIB__ -O0 -fno-common -g3 -gdwarf-4 -Wall -c -fmessage-length=0 -fno-builtin -ffunction-sections -fdata-sections -fmerge-constants -fmacro-prefix-map="../src/"= -mcpu=cortex-m3 -mthumb -fstack-usage -specs=redlib.specs -MMD -MP -MF"src/crp.d" -MT"src/crp.o" -MT"src/crp.d" -o "src/crp.o" "../src/crp.c"
../src/Ejercicio_Onda_DAC_ConDMA.c:9:10: fatal error: LPC17xx.h: No such file or directory
    9 | #include "LPC17xx.h"
      |          ^~~~~~~~~~~
compilation terminated.
make[1]: *** [src/subdir.mk:26: src/Ejercicio_Onda_DAC_ConDMA.o] Error 1
make[1]: *** Waiting for unfinished jobs....
Finished building: ../src/crp.c
Finished building: ../src/cr_startup_lpc175x_6x.c
 
 
make: *** [makefile:35: all] Error 2
"make -r -j16 all" terminated with exit code 2. Build might be incomplete.
01:54:41 **** Build of configuration Debug for project Ejercicio_Onda_DAC_SinDMA ****
make -r -j16 all 
Building file: ../src/Ejercicio_Onda_DAC_SinDMA.c
Building file: ../src/cr_startup_lpc175x_6x.c
Building file: ../src/crp.c
Invoking: MCU C Compiler
arm-none-eabi-gcc -DDEBUG -D__CODE_RED -DCORE_M3 -D__USE_CMSIS=CMSISv2p00_LPC17xx -D__LPC17XX__ -D__REDLIB__ -O0 -fno-common -g3 -gdwarf-4 -Wall -c -fmessage-length=0 -fno-builtin -ffunction-sections -fdata-sections -fmerge-constants -fmacro-prefix-map="../src/"= -mcpu=cortex-m3 -mthumb -fstack-usage -specs=redlib.specs -MMD -MP -MF"src/Ejercicio_Onda_DAC_SinDMA.d" -MT"src/Ejercicio_Onda_DAC_SinDMA.o" -MT"src/Ejercicio_Onda_DAC_SinDMA.d" -o "src/Ejercicio_Onda_DAC_SinDMA.o" "../src/Ejercicio_Onda_DAC_SinDMA.c"
Invoking: MCU C Compiler
Invoking: MCU C Compiler
arm-none-eabi-gcc -DDEBUG -D__CODE_RED -DCORE_M3 -D__USE_CMSIS=CMSISv2p00_LPC17xx -D__LPC17XX__ -D__REDLIB__ -O0 -fno-common -g3 -gdwarf-4 -Wall -c -fmessage-length=0 -fno-builtin -ffunction-sections -fdata-sections -fmerge-constants -fmacro-prefix-map="../src/"= -mcpu=cortex-m3 -mthumb -fstack-usage -specs=redlib.specs -MMD -MP -MF"src/cr_startup_lpc175x_6x.d" -MT"src/cr_startup_lpc175x_6x.o" -MT"src/cr_startup_lpc175x_6x.d" -o "src/cr_startup_lpc175x_6x.o" "../src/cr_startup_lpc175x_6x.c"
arm-none-eabi-gcc -DDEBUG -D__CODE_RED -DCORE_M3 -D__USE_CMSIS=CMSISv2p00_LPC17xx -D__LPC17XX__ -D__REDLIB__ -O0 -fno-common -g3 -gdwarf-4 -Wall -c -fmessage-length=0 -fno-builtin -ffunction-sections -fdata-sections -fmerge-constants -fmacro-prefix-map="../src/"= -mcpu=cortex-m3 -mthumb -fstack-usage -specs=redlib.specs -MMD -MP -MF"src/crp.d" -MT"src/crp.o" -MT"src/crp.d" -o "src/crp.o" "../src/crp.c"
../src/Ejercicio_Onda_DAC_SinDMA.c:9:10: fatal error: LPC17xx.h: No such file or directory
    9 | #include "LPC17xx.h"
      |          ^~~~~~~~~~~
compilation terminated.
make[1]: *** [src/subdir.mk:26: src/Ejercicio_Onda_DAC_SinDMA.o] Error 1
make[1]: *** Waiting for unfinished jobs....
Finished building: ../src/crp.c
Finished building: ../src/cr_startup_lpc175x_6x.c
 
 
make: *** [makefile:35: all] Error 2
"make -r -j16 all" terminated with exit code 2. Build might be incomplete.
01:54:41 **** Build of configuration Debug for project Integrador2doParcial ****
make -r -j16 all 
Building file: ../src/Integrador2doParcial.c
Building file: ../src/cr_startup_lpc175x_6x.c
Building file: ../src/crp.c
Invoking: MCU C Compiler
arm-none-eabi-gcc -DDEBUG -D__CODE_RED -DCORE_M3 -D__USE_CMSIS=CMSISv2p00_LPC17xx -D__LPC17XX__ -D__REDLIB__ -O0 -fno-common -g3 -gdwarf-4 -Wall -c -fmessage-length=0 -fno-builtin -ffunction-sections -fdata-sections -fmerge-constants -fmacro-prefix-map="../src/"= -mcpu=cortex-m3 -mthumb -fstack-usage -specs=redlib.specs -MMD -MP -MF"src/Integrador2doParcial.d" -MT"src/Integrador2doParcial.o" -MT"src/Integrador2doParcial.d" -o "src/Integrador2doParcial.o" "../src/Integrador2doParcial.c"
Invoking: MCU C Compiler
arm-none-eabi-gcc -DDEBUG -D__CODE_RED -DCORE_M3 -D__USE_CMSIS=CMSISv2p00_LPC17xx -D__LPC17XX__ -D__REDLIB__ -O0 -fno-common -g3 -gdwarf-4 -Wall -c -fmessage-length=0 -fno-builtin -ffunction-sections -fdata-sections -fmerge-constants -fmacro-prefix-map="../src/"= -mcpu=cortex-m3 -mthumb -fstack-usage -specs=redlib.specs -MMD -MP -MF"src/cr_startup_lpc175x_6x.d" -MT"src/cr_startup_lpc175x_6x.o" -MT"src/cr_startup_lpc175x_6x.d" -o "src/cr_startup_lpc175x_6x.o" "../src/cr_startup_lpc175x_6x.c"
Invoking: MCU C Compiler
arm-none-eabi-gcc -DDEBUG -D__CODE_RED -DCORE_M3 -D__USE_CMSIS=CMSISv2p00_LPC17xx -D__LPC17XX__ -D__REDLIB__ -O0 -fno-common -g3 -gdwarf-4 -Wall -c -fmessage-length=0 -fno-builtin -ffunction-sections -fdata-sections -fmerge-constants -fmacro-prefix-map="../src/"= -mcpu=cortex-m3 -mthumb -fstack-usage -specs=redlib.specs -MMD -MP -MF"src/crp.d" -MT"src/crp.o" -MT"src/crp.d" -o "src/crp.o" "../src/crp.c"
../src/Integrador2doParcial.c:2:10: fatal error: LPC17xx.h: No such file or directory
    2 | #include "LPC17xx.h"
      |          ^~~~~~~~~~~
compilation terminated.
make[1]: *** [src/subdir.mk:26: src/Integrador2doParcial.o] Error 1
make[1]: *** Waiting for unfinished jobs....
Finished building: ../src/crp.c
 
Finished building: ../src/cr_startup_lpc175x_6x.c
 
make: *** [makefile:35: all] Error 2
"make -r -j16 all" terminated with exit code 2. Build might be incomplete.
