01:48:45 **** Incremental Build of configuration Debug for project InterrupcionesPorEINT ****
make -r -j16 all 
make[1]: Nothing to be done for 'main-build'.
Performing post-build steps
arm-none-eabi-size "InterrupcionesPorEINT.axf"; # arm-none-eabi-objcopy -v -O binary "InterrupcionesPorEINT.axf" "InterrupcionesPorEINT.bin" ; # checksum -p LPC1769 -d "InterrupcionesPorEINT.bin";
   text	   data	    bss	    dec	    hex	filename
   1320	      0	      4	   1324	    52c	InterrupcionesPorEINT.axf
 

01:48:45 Build Finished. 0 errors, 0 warnings. (took 141ms)

