01:02:18 **** Build of configuration Debug for project PracticaParcial1.2 ****
make -r -j16 all 
Building file: ../src/PracticaParcial1.2.c
Building file: ../src/cr_startup_lpc175x_6x.c
Building file: ../src/crp.c
Invoking: MCU C Compiler
arm-none-eabi-gcc -DDEBUG -D__CODE_RED -DCORE_M3 -D__USE_CMSIS=CMSISv2p00_LPC17xx -D__LPC17XX__ -D__REDLIB__ -I"C:\nxp\CMSISv2p00_LPC17xx\inc" -O0 -fno-common -g3 -gdwarf-4 -Wall -c -fmessage-length=0 -fno-builtin -ffunction-sections -fdata-sections -fmerge-constants -fmacro-prefix-map="../src/"= -mcpu=cortex-m3 -mthumb -fstack-usage -specs=redlib.specs -MMD -MP -MF"src/PracticaParcial1.2.d" -MT"src/PracticaParcial1.2.o" -MT"src/PracticaParcial1.2.d" -o "src/PracticaParcial1.2.o" "../src/PracticaParcial1.2.c"
Invoking: MCU C Compiler
Invoking: MCU C Compiler
arm-none-eabi-gcc -DDEBUG -D__CODE_RED -DCORE_M3 -D__USE_CMSIS=CMSISv2p00_LPC17xx -D__LPC17XX__ -D__REDLIB__ -I"C:\nxp\CMSISv2p00_LPC17xx\inc" -O0 -fno-common -g3 -gdwarf-4 -Wall -c -fmessage-length=0 -fno-builtin -ffunction-sections -fdata-sections -fmerge-constants -fmacro-prefix-map="../src/"= -mcpu=cortex-m3 -mthumb -fstack-usage -specs=redlib.specs -MMD -MP -MF"src/cr_startup_lpc175x_6x.d" -MT"src/cr_startup_lpc175x_6x.o" -MT"src/cr_startup_lpc175x_6x.d" -o "src/cr_startup_lpc175x_6x.o" "../src/cr_startup_lpc175x_6x.c"
arm-none-eabi-gcc -DDEBUG -D__CODE_RED -DCORE_M3 -D__USE_CMSIS=CMSISv2p00_LPC17xx -D__LPC17XX__ -D__REDLIB__ -I"C:\nxp\CMSISv2p00_LPC17xx\inc" -O0 -fno-common -g3 -gdwarf-4 -Wall -c -fmessage-length=0 -fno-builtin -ffunction-sections -fdata-sections -fmerge-constants -fmacro-prefix-map="../src/"= -mcpu=cortex-m3 -mthumb -fstack-usage -specs=redlib.specs -MMD -MP -MF"src/crp.d" -MT"src/crp.o" -MT"src/crp.d" -o "src/crp.o" "../src/crp.c"
Finished building: ../src/crp.c
 
Finished building: ../src/cr_startup_lpc175x_6x.c
 
Finished building: ../src/PracticaParcial1.2.c
 
Building target: PracticaParcial1.2.axf
Invoking: MCU Linker
arm-none-eabi-gcc -nostdlib -L"C:\nxp\CMSISv2p00_LPC17xx\Debug" -Xlinker -Map="PracticaParcial1.2.map" -Xlinker --cref -Xlinker --gc-sections -Xlinker -print-memory-usage -mcpu=cortex-m3 -mthumb -T PracticaParcial1_2_Debug.ld -o "PracticaParcial1.2.axf" ./src/PracticaParcial1.2.o ./src/cr_startup_lpc175x_6x.o ./src/crp.o    -lCMSISv2p00_LPC17xx
Memory region         Used Size  Region Size  %age Used
       MFlash512:        2212 B       512 KB      0.42%
        RamLoc32:          72 B        32 KB      0.22%
        RamAHB32:           0 B        32 KB      0.00%
Finished building target: PracticaParcial1.2.axf
 
Performing post-build steps
arm-none-eabi-size "PracticaParcial1.2.axf"; # arm-none-eabi-objcopy -v -O binary "PracticaParcial1.2.axf" "PracticaParcial1.2.bin" ; # checksum -p LPC1769 -d "PracticaParcial1.2.bin";
   text	   data	    bss	    dec	    hex	filename
   2212	      0	     72	   2284	    8ec	PracticaParcial1.2.axf
 

01:02:18 Build Finished. 0 errors, 0 warnings. (took 291ms)

