01:02:19 **** Build of configuration Debug for project Prueba2 ****
make -r -j16 all 
Building file: ../src/Prueba2.c
Building file: ../src/cr_startup_lpc175x_6x.c
Building file: ../src/crp.c
Invoking: MCU C Compiler
arm-none-eabi-gcc -DDEBUG -D__CODE_RED -DCORE_M3 -D__USE_CMSIS=CMSISv2p00_LPC17xx -D__LPC17XX__ -D__REDLIB__ -I"C:\nxp\CMSISv2p00_LPC17xx\inc" -O0 -fno-common -g3 -gdwarf-4 -Wall -c -fmessage-length=0 -fno-builtin -ffunction-sections -fdata-sections -fmerge-constants -fmacro-prefix-map="../src/"= -mcpu=cortex-m3 -mthumb -fstack-usage -specs=redlib.specs -MMD -MP -MF"src/Prueba2.d" -MT"src/Prueba2.o" -MT"src/Prueba2.d" -o "src/Prueba2.o" "../src/Prueba2.c"
Invoking: MCU C Compiler
Invoking: MCU C Compiler
arm-none-eabi-gcc -DDEBUG -D__CODE_RED -DCORE_M3 -D__USE_CMSIS=CMSISv2p00_LPC17xx -D__LPC17XX__ -D__REDLIB__ -I"C:\nxp\CMSISv2p00_LPC17xx\inc" -O0 -fno-common -g3 -gdwarf-4 -Wall -c -fmessage-length=0 -fno-builtin -ffunction-sections -fdata-sections -fmerge-constants -fmacro-prefix-map="../src/"= -mcpu=cortex-m3 -mthumb -fstack-usage -specs=redlib.specs -MMD -MP -MF"src/cr_startup_lpc175x_6x.d" -MT"src/cr_startup_lpc175x_6x.o" -MT"src/cr_startup_lpc175x_6x.d" -o "src/cr_startup_lpc175x_6x.o" "../src/cr_startup_lpc175x_6x.c"
arm-none-eabi-gcc -DDEBUG -D__CODE_RED -DCORE_M3 -D__USE_CMSIS=CMSISv2p00_LPC17xx -D__LPC17XX__ -D__REDLIB__ -I"C:\nxp\CMSISv2p00_LPC17xx\inc" -O0 -fno-common -g3 -gdwarf-4 -Wall -c -fmessage-length=0 -fno-builtin -ffunction-sections -fdata-sections -fmerge-constants -fmacro-prefix-map="../src/"= -mcpu=cortex-m3 -mthumb -fstack-usage -specs=redlib.specs -MMD -MP -MF"src/crp.d" -MT"src/crp.o" -MT"src/crp.d" -o "src/crp.o" "../src/crp.c"
Finished building: ../src/crp.c
 
Finished building: ../src/cr_startup_lpc175x_6x.c
Finished building: ../src/Prueba2.c
 
 
Building target: Prueba2.axf
Invoking: MCU Linker
arm-none-eabi-gcc -nostdlib -L"C:\nxp\CMSISv2p00_LPC17xx\Debug" -Xlinker -Map="Prueba2.map" -Xlinker --cref -Xlinker --gc-sections -Xlinker -print-memory-usage -mcpu=cortex-m3 -mthumb -T Prueba2_Debug.ld -o "Prueba2.axf" ./src/Prueba2.o ./src/cr_startup_lpc175x_6x.o ./src/crp.o    -lCMSISv2p00_LPC17xx
Memory region         Used Size  Region Size  %age Used
       MFlash512:        1296 B       512 KB      0.25%
        RamLoc32:           0 B        32 KB      0.00%
        RamAHB32:           0 B        32 KB      0.00%
Finished building target: Prueba2.axf
 
Performing post-build steps
arm-none-eabi-size "Prueba2.axf"; # arm-none-eabi-objcopy -v -O binary "Prueba2.axf" "Prueba2.bin" ; # checksum -p LPC1769 -d "Prueba2.bin";
   text	   data	    bss	    dec	    hex	filename
   1296	      0	      0	   1296	    510	Prueba2.axf
 

01:02:19 Build Finished. 0 errors, 0 warnings. (took 289ms)

