01:02:19 **** Build of configuration Debug for project SimonDice ****
make -r -j16 all 
Building file: ../src/SimonDice.c
Invoking: MCU C Compiler
arm-none-eabi-gcc -DDEBUG -D__CODE_RED -DCORE_M3 -D__USE_CMSIS=CMSISv2p00_LPC17xx -D__LPC17XX__ -D__REDLIB__ -I"C:\nxp\CMSISv2p00_LPC17xx\inc" -O0 -fno-common -g3 -gdwarf-4 -Wall -c -fmessage-length=0 -fno-builtin -ffunction-sections -fdata-sections -fmerge-constants -fmacro-prefix-map="../src/"= -mcpu=cortex-m3 -mthumb -fstack-usage -specs=redlib.specs -MMD -MP -MF"src/SimonDice.d" -MT"src/SimonDice.o" -MT"src/SimonDice.d" -o "src/SimonDice.o" "../src/SimonDice.c"
Finished building: ../src/SimonDice.c
 
Building target: SimonDice.axf
Invoking: MCU Linker
arm-none-eabi-gcc -nostdlib -L"C:\nxp\CMSISv2p00_LPC17xx\Debug" -Xlinker -Map="SimonDice.map" -Xlinker --cref -Xlinker --gc-sections -Xlinker -print-memory-usage -mcpu=cortex-m3 -mthumb -T SimonDice_Debug.ld -o "SimonDice.axf" ./src/SimonDice.o ./src/cr_startup_lpc175x_6x.o ./src/crp.o    -lCMSISv2p00_LPC17xx
Memory region         Used Size  Region Size  %age Used
       MFlash512:        2980 B       512 KB      0.57%
        RamLoc32:          44 B        32 KB      0.13%
        RamAHB32:           0 B        32 KB      0.00%
Finished building target: SimonDice.axf
 
Performing post-build steps
arm-none-eabi-size "SimonDice.axf"; # arm-none-eabi-objcopy -v -O binary "SimonDice.axf" "SimonDice.bin" ; # checksum -p LPC1769 -d "SimonDice.bin";
   text	   data	    bss	    dec	    hex	filename
   2972	      8	     36	   3016	    bc8	SimonDice.axf
 

01:02:19 Build Finished. 0 errors, 0 warnings. (took 292ms)

