01:02:19 **** Build of configuration Debug for project Timer0 ****
make -r -j16 all 
Building file: ../src/Timer0.c
Building file: ../src/cr_startup_lpc175x_6x.c
Building file: ../src/crp.c
Invoking: MCU C Compiler
arm-none-eabi-gcc -DDEBUG -D__CODE_RED -DCORE_M3 -D__USE_CMSIS=CMSISv2p00_LPC17xx -D__LPC17XX__ -D__REDLIB__ -I"C:\nxp\CMSISv2p00_LPC17xx\inc" -O0 -fno-common -g3 -gdwarf-4 -Wall -c -fmessage-length=0 -fno-builtin -ffunction-sections -fdata-sections -fmerge-constants -fmacro-prefix-map="../src/"= -mcpu=cortex-m3 -mthumb -fstack-usage -specs=redlib.specs -MMD -MP -MF"src/Timer0.d" -MT"src/Timer0.o" -MT"src/Timer0.d" -o "src/Timer0.o" "../src/Timer0.c"
Invoking: MCU C Compiler
Invoking: MCU C Compiler
arm-none-eabi-gcc -DDEBUG -D__CODE_RED -DCORE_M3 -D__USE_CMSIS=CMSISv2p00_LPC17xx -D__LPC17XX__ -D__REDLIB__ -I"C:\nxp\CMSISv2p00_LPC17xx\inc" -O0 -fno-common -g3 -gdwarf-4 -Wall -c -fmessage-length=0 -fno-builtin -ffunction-sections -fdata-sections -fmerge-constants -fmacro-prefix-map="../src/"= -mcpu=cortex-m3 -mthumb -fstack-usage -specs=redlib.specs -MMD -MP -MF"src/cr_startup_lpc175x_6x.d" -MT"src/cr_startup_lpc175x_6x.o" -MT"src/cr_startup_lpc175x_6x.d" -o "src/cr_startup_lpc175x_6x.o" "../src/cr_startup_lpc175x_6x.c"
arm-none-eabi-gcc -DDEBUG -D__CODE_RED -DCORE_M3 -D__USE_CMSIS=CMSISv2p00_LPC17xx -D__LPC17XX__ -D__REDLIB__ -I"C:\nxp\CMSISv2p00_LPC17xx\inc" -O0 -fno-common -g3 -gdwarf-4 -Wall -c -fmessage-length=0 -fno-builtin -ffunction-sections -fdata-sections -fmerge-constants -fmacro-prefix-map="../src/"= -mcpu=cortex-m3 -mthumb -fstack-usage -specs=redlib.specs -MMD -MP -MF"src/crp.d" -MT"src/crp.o" -MT"src/crp.d" -o "src/crp.o" "../src/crp.c"
Finished building: ../src/crp.c
 
Finished building: ../src/Timer0.c
Finished building: ../src/cr_startup_lpc175x_6x.c
 
 
Building target: Timer0.axf
Invoking: MCU Linker
arm-none-eabi-gcc -nostdlib -L"C:\nxp\CMSISv2p00_LPC17xx\Debug" -Xlinker -Map="Timer0.map" -Xlinker --cref -Xlinker --gc-sections -Xlinker -print-memory-usage -mcpu=cortex-m3 -mthumb -T Timer0_Debug.ld -o "Timer0.axf" ./src/Timer0.o ./src/cr_startup_lpc175x_6x.o ./src/crp.o    -lCMSISv2p00_LPC17xx
Memory region         Used Size  Region Size  %age Used
       MFlash512:        1132 B       512 KB      0.22%
        RamLoc32:           0 B        32 KB      0.00%
        RamAHB32:           0 B        32 KB      0.00%
Finished building target: Timer0.axf
 
Performing post-build steps
arm-none-eabi-size "Timer0.axf"; # arm-none-eabi-objcopy -v -O binary "Timer0.axf" "Timer0.bin" ; # checksum -p LPC1769 -d "Timer0.bin";
   text	   data	    bss	    dec	    hex	filename
   1132	      0	      0	   1132	    46c	Timer0.axf
 

01:02:20 Build Finished. 0 errors, 0 warnings. (took 293ms)

